A-C A-D B-C
A-C A-D B-D
A-C B-C B-D
A-C B-C C-D
A-C B-D C-D
A-D B-C B-D
A-D B-C C-D
A-D B-D C-D
