A-B A-C C-D C-E D-F
A-B A-C C-D C-E E-F
A-B A-C C-D D-E D-F
A-B A-C C-D D-E E-F
A-B A-C C-D D-F E-F
A-B A-C C-E D-E D-F
A-B A-C C-E D-E E-F
A-B A-C C-E D-F E-F
